app/(dashboard)/events/page.tsx(68,40): error TS2322: Type '{ children: Element; asChild: true; }' is not assignable to type 'IntrinsicAttributes & Props<unknown>'.
  Property 'asChild' does not exist on type 'IntrinsicAttributes & Props<unknown>'.
app/(dashboard)/exposants/page.tsx(87,46): error TS2322: Type '{ children: Element; asChild: true; }' is not assignable to type 'IntrinsicAttributes & Props<unknown>'.
  Property 'asChild' does not exist on type 'IntrinsicAttributes & Props<unknown>'.
app/(dashboard)/networking/page.tsx(70,40): error TS2322: Type '{ children: Element; asChild: true; }' is not assignable to type 'IntrinsicAttributes & Props<unknown>'.
  Property 'asChild' does not exist on type 'IntrinsicAttributes & Props<unknown>'.
app/(dashboard)/notifications/page.tsx(102,38): error TS2322: Type '{ children: Element; asChild: true; }' is not assignable to type 'IntrinsicAttributes & Props<unknown>'.
  Property 'asChild' does not exist on type 'IntrinsicAttributes & Props<unknown>'.
app/(dashboard)/page.tsx(145,57): error TS2304: Cannot find name 'cn'.
app/(dashboard)/scanner/page.tsx(63,41): error TS2322: Type 'Dispatch<SetStateAction<string>>' is not assignable to type '(value: string | null, eventDetails: SelectRootChangeEventDetails) => void'.
  Types of parameters 'value' and 'value' are incompatible.
    Type 'string | null' is not assignable to type 'SetStateAction<string>'.
      Type 'null' is not assignable to type 'SetStateAction<string>'.
app/(dashboard)/speakers/page.tsx(53,40): error TS2322: Type '{ children: Element; asChild: true; }' is not assignable to type 'IntrinsicAttributes & Props<unknown>'.
  Property 'asChild' does not exist on type 'IntrinsicAttributes & Props<unknown>'.
app/(dashboard)/sponsors/page.tsx(92,40): error TS2322: Type '{ children: Element; asChild: true; }' is not assignable to type 'IntrinsicAttributes & Props<unknown>'.
  Property 'asChild' does not exist on type 'IntrinsicAttributes & Props<unknown>'.
components/layout/header.tsx(93,35): error TS2322: Type '{ children: Element; asChild: true; }' is not assignable to type 'IntrinsicAttributes & ClassAttributes<HTMLAnchorElement> & AnchorHTMLAttributes<HTMLAnchorElement> & { ...; }'.
  Property 'asChild' does not exist on type 'IntrinsicAttributes & ClassAttributes<HTMLAnchorElement> & AnchorHTMLAttributes<HTMLAnchorElement> & { ...; }'.
components/layout/header.tsx(136,32): error TS2322: Type '{ children: Element; asChild: true; }' is not assignable to type 'IntrinsicAttributes & Props<unknown>'.
  Property 'asChild' does not exist on type 'IntrinsicAttributes & Props<unknown>'.
components/layout/header.tsx(157,31): error TS2322: Type '{ children: Element; asChild: true; }' is not assignable to type 'IntrinsicAttributes & MenuItemProps & { inset?: boolean | undefined; variant?: "default" | "destructive" | undefined; }'.
  Property 'asChild' does not exist on type 'IntrinsicAttributes & MenuItemProps & { inset?: boolean | undefined; variant?: "default" | "destructive" | undefined; }'.
components/layout/sidebar.tsx(43,22): error TS2322: Type '{ children: Element; delayDuration: number; }' is not assignable to type 'IntrinsicAttributes & TooltipProviderProps'.
  Property 'delayDuration' does not exist on type 'IntrinsicAttributes & TooltipProviderProps'.
components/layout/sidebar.tsx(94,35): error TS2322: Type '{ children: Element; asChild: true; }' is not assignable to type 'IntrinsicAttributes & Props<unknown>'.
  Property 'asChild' does not exist on type 'IntrinsicAttributes & Props<unknown>'.
